Flow report for A1_Hill_Cipher
Tue Jan 12 11:33:13 2016
Quartus II 64-Bit Version 13.0.1 Build 232 06/12/2013 Service Pack 1 SJ Full Version


---------------------
; Table of Contents ;
---------------------
  1. Legal Notice
  2. Flow Summary
  3. Flow Settings
  4. Flow Non-Default Global Settings
  5. Flow Elapsed Time
  6. Flow OS Summary
  7. Flow Log
  8. Flow Messages
  9. Flow Suppressed Messages



----------------
; Legal Notice ;
----------------
Copyright (C) 1991-2013 Altera Corporation
Your use of Altera Corporation's design tools, logic functions 
and other software and tools, and its AMPP partner logic 
functions, and any output files from any of the foregoing 
(including device programming or simulation files), and any 
associated documentation or information are expressly subject 
to the terms and conditions of the Altera Program License 
Subscription Agreement, Altera MegaCore Function License 
Agreement, or other applicable license agreement, including, 
without limitation, that your use is for the sole purpose of 
programming logic devices manufactured by Altera and sold by 
Altera or its authorized distributors.  Please refer to the 
applicable agreement for further details.



+---------------------------------------------------------------------------------------+
; Flow Summary                                                                          ;
+------------------------------------+--------------------------------------------------+
; Flow Status                        ; Successful - Tue Jan 12 11:33:13 2016            ;
; Quartus II 64-Bit Version          ; 13.0.1 Build 232 06/12/2013 SP 1 SJ Full Version ;
; Revision Name                      ; A1_Hill_Cipher                                   ;
; Top-level Entity Name              ; matrix_sub_mult                                  ;
; Family                             ; Cyclone II                                       ;
; Total logic elements               ; 52 / 4,608 ( 1 % )                               ;
;     Total combinational functions  ; 50 / 4,608 ( 1 % )                               ;
;     Dedicated logic registers      ; 16 / 4,608 ( < 1 % )                             ;
; Total registers                    ; 16                                               ;
; Total pins                         ; 29 / 89 ( 33 % )                                 ;
; Total virtual pins                 ; 0                                                ;
; Total memory bits                  ; 0 / 119,808 ( 0 % )                              ;
; Embedded Multiplier 9-bit elements ; 0 / 26 ( 0 % )                                   ;
; Total PLLs                         ; 0 / 2 ( 0 % )                                    ;
; Device                             ; EP2C5T144C6                                      ;
; Timing Models                      ; Final                                            ;
+------------------------------------+--------------------------------------------------+


+-----------------------------------------+
; Flow Settings                           ;
+-------------------+---------------------+
; Option            ; Setting             ;
+-------------------+---------------------+
; Start date & time ; 01/12/2016 11:32:53 ;
; Main task         ; Compilation         ;
; Revision Name     ; A1_Hill_Cipher      ;
+-------------------+---------------------+


+---------------------------------------------------------------------------------------------------------------------------+
; Flow Non-Default Global Settings                                                                                          ;
+-------------------------------------+---------------------------------+----------------+-----------------+----------------+
; Assignment Name                     ; Value                           ; Default Value  ; Entity Name     ; Section Id     ;
+-------------------------------------+---------------------------------+----------------+-----------------+----------------+
; COMPILER_SIGNATURE_ID               ; 203178703681275.145261637305628 ; --             ; --              ; --             ;
; EDA_OUTPUT_DATA_FORMAT              ; Vhdl                            ; --             ; --              ; eda_simulation ;
; EDA_SIMULATION_TOOL                 ; ModelSim (VHDL)                 ; <None>         ; --              ; --             ;
; PARTITION_COLOR                     ; 16764057                        ; --             ; matrix_sub_mult ; Top            ;
; PARTITION_FITTER_PRESERVATION_LEVEL ; PLACEMENT_AND_ROUTING           ; --             ; matrix_sub_mult ; Top            ;
; PARTITION_NETLIST_TYPE              ; SOURCE                          ; --             ; matrix_sub_mult ; Top            ;
; PROJECT_OUTPUT_DIRECTORY            ; output_files                    ; --             ; --              ; --             ;
; TOP_LEVEL_ENTITY                    ; matrix_sub_mult                 ; A1_Hill_Cipher ; --              ; --             ;
+-------------------------------------+---------------------------------+----------------+-----------------+----------------+


+-------------------------------------------------------------------------------------------------------------------------------+
; Flow Elapsed Time                                                                                                             ;
+---------------------------+--------------+-------------------------+---------------------+------------------------------------+
; Module Name               ; Elapsed Time ; Average Processors Used ; Peak Virtual Memory ; Total CPU Time (on all processors) ;
+---------------------------+--------------+-------------------------+---------------------+------------------------------------+
; Analysis & Synthesis      ; 00:00:04     ; 1.0                     ; 504 MB              ; 00:00:01                           ;
; Fitter                    ; 00:00:05     ; 1.0                     ; 1030 MB             ; 00:00:02                           ;
; Assembler                 ; 00:00:03     ; 1.0                     ; 415 MB              ; 00:00:01                           ;
; TimeQuest Timing Analyzer ; 00:00:03     ; 1.0                     ; 427 MB              ; 00:00:01                           ;
; EDA Netlist Writer        ; 00:00:03     ; 1.0                     ; 385 MB              ; 00:00:00                           ;
; Total                     ; 00:00:18     ; --                      ; --                  ; 00:00:05                           ;
+---------------------------+--------------+-------------------------+---------------------+------------------------------------+


+----------------------------------------------------------------------------------------+
; Flow OS Summary                                                                        ;
+---------------------------+------------------+-----------+------------+----------------+
; Module Name               ; Machine Hostname ; OS Name   ; OS Version ; Processor type ;
+---------------------------+------------------+-----------+------------+----------------+
; Analysis & Synthesis      ; 156TR4120CA-12   ; Windows 7 ; 6.1        ; x86_64         ;
; Fitter                    ; 156TR4120CA-12   ; Windows 7 ; 6.1        ; x86_64         ;
; Assembler                 ; 156TR4120CA-12   ; Windows 7 ; 6.1        ; x86_64         ;
; TimeQuest Timing Analyzer ; 156TR4120CA-12   ; Windows 7 ; 6.1        ; x86_64         ;
; EDA Netlist Writer        ; 156TR4120CA-12   ; Windows 7 ; 6.1        ; x86_64         ;
+---------------------------+------------------+-----------+------------+----------------+


------------
; Flow Log ;
------------
quartus_map --read_settings_files=on --write_settings_files=off A1_Hill_Cipher -c A1_Hill_Cipher
quartus_fit --read_settings_files=off --write_settings_files=off A1_Hill_Cipher -c A1_Hill_Cipher
quartus_asm --read_settings_files=off --write_settings_files=off A1_Hill_Cipher -c A1_Hill_Cipher
quartus_sta A1_Hill_Cipher -c A1_Hill_Cipher
quartus_eda --read_settings_files=off --write_settings_files=off A1_Hill_Cipher -c A1_Hill_Cipher



